<?xml version="1.0" encoding="utf-8"?><testsuites><testsuite name="pytest" errors="0" failures="0" skipped="0" tests="119" time="5.126" timestamp="2024-12-01T14:41:52.713380+00:00" hostname="codespaces-6bec7f"><properties><property name="hypothesis-statistics-scratch/languages/python/test_hypothesis.py::test_ints_are_commutative" value="c2NyYXRjaC9sYW5ndWFnZXMvcHl0aG9uL3Rlc3RfaHlwb3RoZXNpcy5weTo6dGVzdF9pbnRzX2FyZV9jb21tdXRhdGl2ZToKCiAgLSBkdXJpbmcgZ2VuZXJhdGUgcGhhc2UgKDAuMjAgc2Vjb25kcyk6CiAgICAtIFR5cGljYWwgcnVudGltZXM6IH4gMC0xIG1zLCBvZiB3aGljaCA8IDFtcyBpbiBkYXRhIGdlbmVyYXRpb24KICAgIC0gMTAwIHBhc3NpbmcgZXhhbXBsZXMsIDAgZmFpbGluZyBleGFtcGxlcywgMCBpbnZhbGlkIGV4YW1wbGVzCgogIC0gU3RvcHBlZCBiZWNhdXNlIHNldHRpbmdzLm1heF9leGFtcGxlcz0xMDA=" /><property name="hypothesis-statistics-scratch/languages/python/test_hypothesis.py::test_look_tuples_work_too" value="c2NyYXRjaC9sYW5ndWFnZXMvcHl0aG9uL3Rlc3RfaHlwb3RoZXNpcy5weTo6dGVzdF9sb29rX3R1cGxlc193b3JrX3RvbzoKCiAgLSBkdXJpbmcgZ2VuZXJhdGUgcGhhc2UgKDAuMTkgc2Vjb25kcyk6CiAgICAtIFR5cGljYWwgcnVudGltZXM6IH4gMC0xIG1zLCBvZiB3aGljaCB+IDAtMSBtcyBpbiBkYXRhIGdlbmVyYXRpb24KICAgIC0gMTAwIHBhc3NpbmcgZXhhbXBsZXMsIDAgZmFpbGluZyBleGFtcGxlcywgMCBpbnZhbGlkIGV4YW1wbGVzCgogIC0gU3RvcHBlZCBiZWNhdXNlIHNldHRpbmdzLm1heF9leGFtcGxlcz0xMDA=" /><property name="hypothesis-statistics-scratch/languages/python/test_hypothesis.py::test_reversing_twice_gives_same_list" value="c2NyYXRjaC9sYW5ndWFnZXMvcHl0aG9uL3Rlc3RfaHlwb3RoZXNpcy5weTo6dGVzdF9yZXZlcnNpbmdfdHdpY2VfZ2l2ZXNfc2FtZV9saXN0OgoKICAtIGR1cmluZyBnZW5lcmF0ZSBwaGFzZSAoMC4zMiBzZWNvbmRzKToKICAgIC0gVHlwaWNhbCBydW50aW1lczogfiAwLTMgbXMsIG9mIHdoaWNoIH4gMC0yIG1zIGluIGRhdGEgZ2VuZXJhdGlvbgogICAgLSAxMDAgcGFzc2luZyBleGFtcGxlcywgMCBmYWlsaW5nIGV4YW1wbGVzLCAxNiBpbnZhbGlkIGV4YW1wbGVzCgogIC0gU3RvcHBlZCBiZWNhdXNlIHNldHRpbmdzLm1heF9leGFtcGxlcz0xMDA=" /><property name="hypothesis-statistics-scratch/languages/python/test_hypothesis.py::test_ints_cancel" value="c2NyYXRjaC9sYW5ndWFnZXMvcHl0aG9uL3Rlc3RfaHlwb3RoZXNpcy5weTo6dGVzdF9pbnRzX2NhbmNlbDoKCiAgLSBkdXJpbmcgZ2VuZXJhdGUgcGhhc2UgKDAuMTUgc2Vjb25kcyk6CiAgICAtIFR5cGljYWwgcnVudGltZXM6IH4gMC0xIG1zLCBvZiB3aGljaCA8IDFtcyBpbiBkYXRhIGdlbmVyYXRpb24KICAgIC0gMTAwIHBhc3NpbmcgZXhhbXBsZXMsIDAgZmFpbGluZyBleGFtcGxlcywgMCBpbnZhbGlkIGV4YW1wbGVzCgogIC0gU3RvcHBlZCBiZWNhdXNlIHNldHRpbmdzLm1heF9leGFtcGxlcz0xMDA=" /></properties><testcase classname="events.advent_of_code.2023.04.python.test_aoc_2023_04" name="test_card_points[Card 5: 87 83 26 28 32 | 88 30 70 12 93 22 82 36-0]" file="events/advent_of_code/2023/04/python/test_aoc_2023_04.py" line="13" time="0.002" /><testcase classname="events.advent_of_code.2023.04.python.test_aoc_2023_04" name="test_card_points[Card 1: 41 48 83 86 17 | 83 86  6 31 17  9 48 53-8]" file="events/advent_of_code/2023/04/python/test_aoc_2023_04.py" line="13" time="0.001" /><testcase classname="events.advent_of_code.2023.04.python.test_aoc_2023_04" name="test_card_points[Card 3:  1 21 53 59 44 | 69 82 63 72 16 21 14  1-2]" file="events/advent_of_code/2023/04/python/test_aoc_2023_04.py" line="13" time="0.001" /><testcase classname="events.advent_of_code.2023.04.python.test_aoc_2023_04" name="test_card_points[Card 4: 41 92 73 84 69 | 59 84 76 51 58  5 54 83-1]" file="events/advent_of_code/2023/04/python/test_aoc_2023_04.py" line="13" time="0.001" /><testcase classname="events.advent_of_code.2023.04.python.test_aoc_2023_04" name="test_deck_count_new_cards" file="events/advent_of_code/2023/04/python/test_aoc_2023_04.py" line="28" time="0.001" /><testcase classname="events.advent_of_code.2023.04.python.test_aoc_2023_04" name="test_card_points[Card 6: 31 18 13 56 72 | 74 77 10 23 35 67 36 11-0]" file="events/advent_of_code/2023/04/python/test_aoc_2023_04.py" line="13" time="0.001" /><testcase classname="events.advent_of_code.2023.04.python.test_aoc_2023_04" name="test_card_points[Card 2: 13 32 20 16 61 | 61 30 68 82 17 32 24 19-2]" file="events/advent_of_code/2023/04/python/test_aoc_2023_04.py" line="13" time="0.001" /><testcase classname="events.advent_of_code.2023.06.python.test_aoc_2023_06" name="test_race_win_counts[race1-8]" file="events/advent_of_code/2023/06/python/test_aoc_2023_06.py" line="19" time="0.001" /><testcase classname="events.advent_of_code.2023.06.python.test_aoc_2023_06" name="test_race_win_counts[race3-71503]" file="events/advent_of_code/2023/06/python/test_aoc_2023_06.py" line="19" time="0.063" /><testcase classname="events.advent_of_code.2023.06.python.test_aoc_2023_06" name="test_race_win_counts[race0-4]" file="events/advent_of_code/2023/06/python/test_aoc_2023_06.py" line="19" time="0.002" /><testcase classname="events.advent_of_code.2023.06.python.test_aoc_2023_06" name="test_race_win_counts[race2-9]" file="events/advent_of_code/2023/06/python/test_aoc_2023_06.py" line="19" time="0.002" /><testcase classname="events.advent_of_code.2023.06.python.test_aoc_2023_06" name="test_can_parse_paper" file="events/advent_of_code/2023/06/python/test_aoc_2023_06.py" line="9" time="0.002" /><testcase classname="events.advent_of_code.2022.03.python.test_aoc_2022_03" name="test_part_one" file="events/advent_of_code/2022/03/python/test_aoc_2022_03.py" line="3" time="0.001" /><testcase classname="events.advent_of_code.2022.03.python.test_aoc_2022_03" name="test_part_two" file="events/advent_of_code/2022/03/python/test_aoc_2022_03.py" line="19" time="0.002" /><testcase classname="events.advent_of_code.2024.01.python.test_aoc_2024_01" name="test_parse_input" file="events/advent_of_code/2024/01/python/test_aoc_2024_01.py" line="12" time="0.001" /><testcase classname="events.advent_of_code.2024.01.python.test_aoc_2024_01" name="test_part1" file="events/advent_of_code/2024/01/python/test_aoc_2024_01.py" line="15" time="0.001" /><testcase classname="events.advent_of_code.2024.01.python.test_aoc_2024_01" name="test_part2" file="events/advent_of_code/2024/01/python/test_aoc_2024_01.py" line="18" time="0.001" /><testcase classname="events.advent_of_code.2022.05.python.test_aoc_2022_05" name="test_ship_move_bulk" file="events/advent_of_code/2022/05/python/test_aoc_2022_05.py" line="77" time="0.002" /><testcase classname="events.advent_of_code.2022.05.python.test_aoc_2022_05" name="test_parse_ship" file="events/advent_of_code/2022/05/python/test_aoc_2022_05.py" line="3" time="0.001" /><testcase classname="events.advent_of_code.2022.05.python.test_aoc_2022_05" name="test_ship_move_single" file="events/advent_of_code/2022/05/python/test_aoc_2022_05.py" line="21" time="0.002" /><testcase classname="events.advent_of_code.2023.07.python.test_aoc_2023_07" name="test_can_parse_joker_hand[KTJJT 220-hand3]" file="events/advent_of_code/2023/07/python/test_aoc_2023_07.py" line="26" time="0.002" /><testcase classname="events.advent_of_code.2023.07.python.test_aoc_2023_07" name="test_can_parse_joker_hand[QQQJA 483-hand4]" file="events/advent_of_code/2023/07/python/test_aoc_2023_07.py" line="26" time="0.002" /><testcase classname="events.advent_of_code.2023.07.python.test_aoc_2023_07" name="test_can_parse_hand[KTJJT 220-hand3]" file="events/advent_of_code/2023/07/python/test_aoc_2023_07.py" line="12" time="0.002" /><testcase classname="events.advent_of_code.2023.07.python.test_aoc_2023_07" name="test_can_parse_joker_hand[T55J5 684-hand1]" file="events/advent_of_code/2023/07/python/test_aoc_2023_07.py" line="26" time="0.002" /><testcase classname="events.advent_of_code.2023.07.python.test_aoc_2023_07" name="test_can_parse_joker_hand[32T3K 765-hand0]" file="events/advent_of_code/2023/07/python/test_aoc_2023_07.py" line="26" time="0.002" /><testcase classname="events.advent_of_code.2023.07.python.test_aoc_2023_07" name="test_part2_matches_sample_answer" file="events/advent_of_code/2023/07/python/test_aoc_2023_07.py" line="168" time="0.002" /><testcase classname="events.advent_of_code.2023.07.python.test_aoc_2023_07" name="test_can_parse_joker_hand[KK677 28-hand2]" file="events/advent_of_code/2023/07/python/test_aoc_2023_07.py" line="26" time="0.001" /><testcase classname="events.advent_of_code.2023.07.python.test_aoc_2023_07" name="test_sorts_joker_hands_correctly" file="events/advent_of_code/2023/07/python/test_aoc_2023_07.py" line="127" time="0.001" /><testcase classname="events.advent_of_code.2023.07.python.test_aoc_2023_07" name="test_can_parse_joker_hand[KKJJJ 28-hand7]" file="events/advent_of_code/2023/07/python/test_aoc_2023_07.py" line="26" time="0.001" /><testcase classname="events.advent_of_code.2023.07.python.test_aoc_2023_07" name="test_can_parse_joker_hand[JJJJJ 99-hand5]" file="events/advent_of_code/2023/07/python/test_aoc_2023_07.py" line="26" time="0.002" /><testcase classname="events.advent_of_code.2023.07.python.test_aoc_2023_07" name="test_can_parse_hand[T55J5 684-hand1]" file="events/advent_of_code/2023/07/python/test_aoc_2023_07.py" line="12" time="0.001" /><testcase classname="events.advent_of_code.2023.07.python.test_aoc_2023_07" name="test_can_parse_joker_hand[JJ558 33-hand8]" file="events/advent_of_code/2023/07/python/test_aoc_2023_07.py" line="26" time="0.001" /><testcase classname="events.advent_of_code.2023.07.python.test_aoc_2023_07" name="test_can_parse_hand[QQQJA 483-hand4]" file="events/advent_of_code/2023/07/python/test_aoc_2023_07.py" line="12" time="0.001" /><testcase classname="events.advent_of_code.2023.07.python.test_aoc_2023_07" name="test_can_parse_hand[KK677 28-hand2]" file="events/advent_of_code/2023/07/python/test_aoc_2023_07.py" line="12" time="0.001" /><testcase classname="events.advent_of_code.2023.07.python.test_aoc_2023_07" name="test_can_parse_hand[32T3K 765-hand0]" file="events/advent_of_code/2023/07/python/test_aoc_2023_07.py" line="12" time="0.001" /><testcase classname="events.advent_of_code.2023.07.python.test_aoc_2023_07" name="test_part1_matches_sample_answer" file="events/advent_of_code/2023/07/python/test_aoc_2023_07.py" line="163" time="0.001" /><testcase classname="events.advent_of_code.2023.07.python.test_aoc_2023_07" name="test_sorts_hands_correctly" file="events/advent_of_code/2023/07/python/test_aoc_2023_07.py" line="116" time="0.001" /><testcase classname="events.advent_of_code.2023.07.python.test_aoc_2023_07" name="test_can_parse_joker_hand[JJAJJ 14-hand6]" file="events/advent_of_code/2023/07/python/test_aoc_2023_07.py" line="26" time="0.001" /><testcase classname="events.advent_of_code.2022.04.python.test_aoc_2022_04" name="test_part_two[2-8,3-7-True]" file="events/advent_of_code/2022/04/python/test_aoc_2022_04.py" line="21" time="0.001" /><testcase classname="events.advent_of_code.2022.04.python.test_aoc_2022_04" name="test_part_one[2-8,3-7-True]" file="events/advent_of_code/2022/04/python/test_aoc_2022_04.py" line="4" time="0.001" /><testcase classname="events.advent_of_code.2022.04.python.test_aoc_2022_04" name="test_part_one[2-3,4-5-False]" file="events/advent_of_code/2022/04/python/test_aoc_2022_04.py" line="4" time="0.001" /><testcase classname="events.advent_of_code.2022.04.python.test_aoc_2022_04" name="test_part_one[2-6,4-8-False]" file="events/advent_of_code/2022/04/python/test_aoc_2022_04.py" line="4" time="0.001" /><testcase classname="events.advent_of_code.2022.04.python.test_aoc_2022_04" name="test_part_two[2-4,6-8-False]" file="events/advent_of_code/2022/04/python/test_aoc_2022_04.py" line="21" time="0.001" /><testcase classname="events.advent_of_code.2022.04.python.test_aoc_2022_04" name="test_part_two[2-3,4-5-False]" file="events/advent_of_code/2022/04/python/test_aoc_2022_04.py" line="21" time="0.001" /><testcase classname="events.advent_of_code.2022.04.python.test_aoc_2022_04" name="test_part_one[6-6,4-6-True]" file="events/advent_of_code/2022/04/python/test_aoc_2022_04.py" line="4" time="0.001" /><testcase classname="events.advent_of_code.2022.04.python.test_aoc_2022_04" name="test_part_two[6-6,4-6-True]" file="events/advent_of_code/2022/04/python/test_aoc_2022_04.py" line="21" time="0.001" /><testcase classname="events.advent_of_code.2022.04.python.test_aoc_2022_04" name="test_part_two[5-7,7-9-True]" file="events/advent_of_code/2022/04/python/test_aoc_2022_04.py" line="21" time="0.002" /><testcase classname="events.advent_of_code.2022.04.python.test_aoc_2022_04" name="test_part_one[5-7,7-9-False]" file="events/advent_of_code/2022/04/python/test_aoc_2022_04.py" line="4" time="0.002" /><testcase classname="events.advent_of_code.2022.04.python.test_aoc_2022_04" name="test_part_two[2-6,4-8-True]" file="events/advent_of_code/2022/04/python/test_aoc_2022_04.py" line="21" time="0.002" /><testcase classname="events.advent_of_code.2022.04.python.test_aoc_2022_04" name="test_part_one[2-4,6-8-False]" file="events/advent_of_code/2022/04/python/test_aoc_2022_04.py" line="4" time="0.003" /><testcase classname="events.advent_of_code.2022.09.python.test_aoc_2022_09" name="test_knots[2-R 4\nU 4\nL 3\nD 01\nR 4\nD 01\nL 5\nR 2-13]" file="events/advent_of_code/2022/09/python/test_aoc_2022_09.py" line="26" time="0.001" /><testcase classname="events.advent_of_code.2022.09.python.test_aoc_2022_09" name="test_knots[10-R 5\nU 8\nL 8\nD 3\nR 17\nD 10\nL 25\nU 20-36]" file="events/advent_of_code/2022/09/python/test_aoc_2022_09.py" line="26" time="0.005" /><testcase classname="scratch.languages.python.fizzbuzz.test_fizzbuzz" name="test_fizzbuzz" file="scratch/languages/python/fizzbuzz/test_fizzbuzz.py" line="5" time="0.001" /><testcase classname="events.advent_of_code.2021.03.python.test_aoc_2021_03" name="test_get_rates" file="events/advent_of_code/2021/03/python/test_aoc_2021_03.py" line="18" time="0.001" /><testcase classname="events.advent_of_code.2022.02.python.test_aoc_2022_02" name="test_get_score" file="events/advent_of_code/2022/02/python/test_aoc_2022_02.py" line="3" time="0.001" /><testcase classname="events.advent_of_code.2023.03.python.test_aoc_2023_03" name="test_find_part_numbers_in_grid" file="events/advent_of_code/2023/03/python/test_aoc_2023_03.py" line="21" time="0.002" /><testcase classname="events.advent_of_code.2023.03.python.test_aoc_2023_03" name="test_sum_part_numbers_in_grid" file="events/advent_of_code/2023/03/python/test_aoc_2023_03.py" line="16" time="0.001" /><testcase classname="events.advent_of_code.2023.02.python.test_aoc_2023_02" name="test_parsing_data[Game 1: 3 blue, 4 red; 1 red, 2 green, 6 blue; 2 green-game0]" file="events/advent_of_code/2023/02/python/test_aoc_2023_02.py" line="4" time="0.001" /><testcase classname="events.advent_of_code.2023.02.python.test_aoc_2023_02" name="test_parsing_data[Game 3: 8 green, 6 blue, 20 red; 5 blue, 4 red, 13 green; 5 green, 1 red-game2]" file="events/advent_of_code/2023/02/python/test_aoc_2023_02.py" line="4" time="0.001" /><testcase classname="events.advent_of_code.2023.02.python.test_aoc_2023_02" name="test_parsing_data_2[game3-minimums3]" file="events/advent_of_code/2023/02/python/test_aoc_2023_02.py" line="67" time="0.001" /><testcase classname="events.advent_of_code.2023.02.python.test_aoc_2023_02" name="test_parsing_data_2[game4-minimums4]" file="events/advent_of_code/2023/02/python/test_aoc_2023_02.py" line="67" time="0.001" /><testcase classname="events.advent_of_code.2023.02.python.test_aoc_2023_02" name="test_parsing_data_2[game1-minimums1]" file="events/advent_of_code/2023/02/python/test_aoc_2023_02.py" line="67" time="0.001" /><testcase classname="events.advent_of_code.2023.02.python.test_aoc_2023_02" name="test_parsing_data_2[game2-minimums2]" file="events/advent_of_code/2023/02/python/test_aoc_2023_02.py" line="67" time="0.001" /><testcase classname="events.advent_of_code.2023.02.python.test_aoc_2023_02" name="test_parsing_data_2[game0-minimums0]" file="events/advent_of_code/2023/02/python/test_aoc_2023_02.py" line="67" time="0.001" /><testcase classname="events.advent_of_code.2023.02.python.test_aoc_2023_02" name="test_parsing_data[Game 5: 6 red, 1 blue, 3 green; 2 blue, 1 red, 2 green-game4]" file="events/advent_of_code/2023/02/python/test_aoc_2023_02.py" line="4" time="0.002" /><testcase classname="events.advent_of_code.2023.02.python.test_aoc_2023_02" name="test_parsing_data[Game 2: 1 blue, 2 green; 3 green, 4 blue, 1 red; 1 green, 1 blue-game1]" file="events/advent_of_code/2023/02/python/test_aoc_2023_02.py" line="4" time="0.001" /><testcase classname="events.advent_of_code.2023.02.python.test_aoc_2023_02" name="test_parsing_data[Game 4: 1 green, 3 red, 6 blue; 3 green, 6 red; 3 green, 15 blue, 14 red-game3]" file="events/advent_of_code/2023/02/python/test_aoc_2023_02.py" line="4" time="0.001" /><testcase classname="events.advent_of_code.2022.06.python.test_aoc_2022_06" name="test_find_four_unique[nznrnfrfntjfmvfwmzdfjlvtqnbhcprsg-10]" file="events/advent_of_code/2022/06/python/test_aoc_2022_06.py" line="4" time="0.001" /><testcase classname="events.advent_of_code.2022.06.python.test_aoc_2022_06" name="test_find_fourteen_unique[nznrnfrfntjfmvfwmzdfjlvtqnbhcprsg-29]" file="events/advent_of_code/2022/06/python/test_aoc_2022_06.py" line="17" time="0.001" /><testcase classname="events.advent_of_code.2022.06.python.test_aoc_2022_06" name="test_find_fourteen_unique[bvwbjplbgvbhsrlpgdmjqwftvncz-23]" file="events/advent_of_code/2022/06/python/test_aoc_2022_06.py" line="17" time="0.001" /><testcase classname="events.advent_of_code.2022.06.python.test_aoc_2022_06" name="test_find_four_unique[bvwbjplbgvbhsrlpgdmjqwftvncz-5]" file="events/advent_of_code/2022/06/python/test_aoc_2022_06.py" line="4" time="0.001" /><testcase classname="events.advent_of_code.2022.06.python.test_aoc_2022_06" name="test_find_fourteen_unique[mjqjpqmgbljsphdztnvjfqwrcgsmlb-19]" file="events/advent_of_code/2022/06/python/test_aoc_2022_06.py" line="17" time="0.001" /><testcase classname="events.advent_of_code.2022.06.python.test_aoc_2022_06" name="test_find_four_unique[nppdvjthqldpwncqszvftbrmjlhg-6]" file="events/advent_of_code/2022/06/python/test_aoc_2022_06.py" line="4" time="0.001" /><testcase classname="events.advent_of_code.2022.06.python.test_aoc_2022_06" name="test_find_four_unique[zcfzfwzzqfrljwzlrfnpqdbhtmscgvjw-11]" file="events/advent_of_code/2022/06/python/test_aoc_2022_06.py" line="4" time="0.001" /><testcase classname="events.advent_of_code.2022.06.python.test_aoc_2022_06" name="test_find_fourteen_unique[zcfzfwzzqfrljwzlrfnpqdbhtmscgvjw-26]" file="events/advent_of_code/2022/06/python/test_aoc_2022_06.py" line="17" time="0.001" /><testcase classname="events.advent_of_code.2022.06.python.test_aoc_2022_06" name="test_find_fourteen_unique[nppdvjthqldpwncqszvftbrmjlhg-23]" file="events/advent_of_code/2022/06/python/test_aoc_2022_06.py" line="17" time="0.001" /><testcase classname="scratch.languages.python.find_distinct_sum.test_find_distinct_sum" name="test_find_distinct_sum[lst1-10-False]" file="scratch/languages/python/find_distinct_sum/test_find_distinct_sum.py" line="4" time="0.001" /><testcase classname="scratch.languages.python.find_distinct_sum.test_find_distinct_sum" name="test_find_distinct_sum[lst0-5-True]" file="scratch/languages/python/find_distinct_sum/test_find_distinct_sum.py" line="4" time="0.001" /><testcase classname="scratch.languages.python.test_hypothesis" name="test_ints_are_commutative" file="scratch/languages/python/test_hypothesis.py" line="4" time="0.200" /><testcase classname="scratch.languages.python.test_hypothesis" name="test_look_tuples_work_too" file="scratch/languages/python/test_hypothesis.py" line="24" time="3.021" /><testcase classname="scratch.languages.python.test_hypothesis" name="test_reversing_twice_gives_same_list" file="scratch/languages/python/test_hypothesis.py" line="14" time="0.327" /><testcase classname="scratch.languages.python.test_hypothesis" name="test_ints_cancel" file="scratch/languages/python/test_hypothesis.py" line="9" time="0.150" /><testcase classname="events.advent_of_code.2022.10.python.test_aoc_2022_10" name="test_run_cycles" file="events/advent_of_code/2022/10/python/test_aoc_2022_10.py" line="152" time="0.001" /><testcase classname="events.advent_of_code.2023.05.python.test_aoc_2023_05" name="test_can_parse_almanac" file="events/advent_of_code/2023/05/python/test_aoc_2023_05.py" line="52" time="0.001" /><testcase classname="events.advent_of_code.2023.05.python.test_aoc_2023_05" name="test_can_find_smallest_location" file="events/advent_of_code/2023/05/python/test_aoc_2023_05.py" line="56" time="0.001" /><testcase classname="events.advent_of_code.2023.05.python.test_aoc_2023_05" name="test_can_find_smallest_range_location" file="events/advent_of_code/2023/05/python/test_aoc_2023_05.py" line="60" time="0.001" /><testcase classname="events.advent_of_code.2023.08.python.test_aoc_2023_08" name="test_can_parse_map" file="events/advent_of_code/2023/08/python/test_aoc_2023_08.py" line="13" time="0.002" /><testcase classname="events.advent_of_code.2022.07.python.test_aoc_2022_07" name="test_size_entire_file_system" file="events/advent_of_code/2022/07/python/test_aoc_2022_07.py" line="77" time="0.001" /><testcase classname="events.advent_of_code.2022.07.python.test_aoc_2022_07" name="test_build_file_system" file="events/advent_of_code/2022/07/python/test_aoc_2022_07.py" line="63" time="0.001" /><testcase classname="events.advent_of_code.2022.07.python.test_aoc_2022_07" name="test_find_smallest_possible_folder_to_delete" file="events/advent_of_code/2022/07/python/test_aoc_2022_07.py" line="82" time="0.001" /><testcase classname="events.advent_of_code.2022.07.python.test_aoc_2022_07" name="test_sum_folders_under_size" file="events/advent_of_code/2022/07/python/test_aoc_2022_07.py" line="72" time="0.001" /><testcase classname="events.advent_of_code.2022.07.python.test_aoc_2022_07" name="test_size_all_folders" file="events/advent_of_code/2022/07/python/test_aoc_2022_07.py" line="67" time="0.001" /><testcase classname="events.advent_of_code.2022.08.python.test_aoc_2022_08" name="test_get_scenic_scores" file="events/advent_of_code/2022/08/python/test_aoc_2022_08.py" line="16" time="0.001" /><testcase classname="events.advent_of_code.2022.08.python.test_aoc_2022_08" name="test_get_visible_trees" file="events/advent_of_code/2022/08/python/test_aoc_2022_08.py" line="11" time="0.001" /><testcase classname="events.advent_of_code.2023.01.python.test_aoc_2023_01" name="test_find_numbers_in_text[xtwone3four-2-4-True]" file="events/advent_of_code/2023/01/python/test_aoc_2023_01.py" line="4" time="0.005" /><testcase classname="events.advent_of_code.2023.01.python.test_aoc_2023_01" name="test_find_numbers_in_text[eightwothree-8-3-True]" file="events/advent_of_code/2023/01/python/test_aoc_2023_01.py" line="4" time="0.001" /><testcase classname="events.advent_of_code.2023.01.python.test_aoc_2023_01" name="test_find_numbers_in_text[a1b2c3d4e5f-1-5-False]" file="events/advent_of_code/2023/01/python/test_aoc_2023_01.py" line="4" time="0.001" /><testcase classname="events.advent_of_code.2023.01.python.test_aoc_2023_01" name="test_find_numbers_in_text[abcone2threexyz-1-3-True]" file="events/advent_of_code/2023/01/python/test_aoc_2023_01.py" line="4" time="0.001" /><testcase classname="events.advent_of_code.2023.01.python.test_aoc_2023_01" name="test_find_numbers_in_text[treb7uchet-7-7-False]" file="events/advent_of_code/2023/01/python/test_aoc_2023_01.py" line="4" time="0.002" /><testcase classname="events.advent_of_code.2023.01.python.test_aoc_2023_01" name="test_find_numbers_in_text[7pqrstsixteen-7-6-True]" file="events/advent_of_code/2023/01/python/test_aoc_2023_01.py" line="4" time="0.002" /><testcase classname="events.advent_of_code.2023.01.python.test_aoc_2023_01" name="test_find_numbers_in_text[4nineeightseven2-4-2-True]" file="events/advent_of_code/2023/01/python/test_aoc_2023_01.py" line="4" time="0.002" /><testcase classname="events.advent_of_code.2023.01.python.test_aoc_2023_01" name="test_find_numbers_in_text[two1nine-2-9-True]" file="events/advent_of_code/2023/01/python/test_aoc_2023_01.py" line="4" time="0.002" /><testcase classname="events.advent_of_code.2023.01.python.test_aoc_2023_01" name="test_find_numbers_in_text[pqr3stu8vwx-3-8-False]" file="events/advent_of_code/2023/01/python/test_aoc_2023_01.py" line="4" time="0.002" /><testcase classname="events.advent_of_code.2023.01.python.test_aoc_2023_01" name="test_find_numbers_in_text[zoneight234-1-4-True]" file="events/advent_of_code/2023/01/python/test_aoc_2023_01.py" line="4" time="0.002" /><testcase classname="events.advent_of_code.2023.01.python.test_aoc_2023_01" name="test_find_numbers_in_text[1abc2-1-2-False]" file="events/advent_of_code/2023/01/python/test_aoc_2023_01.py" line="4" time="0.002" /><testcase classname="events.advent_of_code.2022.11.python.test_aoc_2022_11" name="test_without_worry" file="events/advent_of_code/2022/11/python/test_aoc_2022_11.py" line="62" time="0.302" /><testcase classname="events.advent_of_code.2022.11.python.test_aoc_2022_11" name="test_with_worry" file="events/advent_of_code/2022/11/python/test_aoc_2022_11.py" line="35" time="0.007" /><testcase classname="events.advent_of_code.2015.01.python.test_aoc_2015_01" name="test_find_final_floor[(()(()(-3]" file="events/advent_of_code/2015/01/python/test_aoc_2015_01.py" line="4" time="0.002" /><testcase classname="events.advent_of_code.2015.01.python.test_aoc_2015_01" name="test_find_final_floor[())--1]" file="events/advent_of_code/2015/01/python/test_aoc_2015_01.py" line="4" time="0.002" /><testcase classname="events.advent_of_code.2015.01.python.test_aoc_2015_01" name="test_find_final_floor[)())())--3]" file="events/advent_of_code/2015/01/python/test_aoc_2015_01.py" line="4" time="0.002" /><testcase classname="events.advent_of_code.2015.01.python.test_aoc_2015_01" name="test_find_final_floor[(((-3]" file="events/advent_of_code/2015/01/python/test_aoc_2015_01.py" line="4" time="0.002" /><testcase classname="events.advent_of_code.2015.01.python.test_aoc_2015_01" name="test_find_final_floor[)))--3]" file="events/advent_of_code/2015/01/python/test_aoc_2015_01.py" line="4" time="0.002" /><testcase classname="events.advent_of_code.2015.01.python.test_aoc_2015_01" name="test_find_final_floor[))(--1]" file="events/advent_of_code/2015/01/python/test_aoc_2015_01.py" line="4" time="0.002" /><testcase classname="events.advent_of_code.2015.01.python.test_aoc_2015_01" name="test_find_final_floor[))(((((-3]" file="events/advent_of_code/2015/01/python/test_aoc_2015_01.py" line="4" time="0.002" /><testcase classname="events.advent_of_code.2015.01.python.test_aoc_2015_01" name="test_find_when_santa_enters_basement[()())-5]" file="events/advent_of_code/2015/01/python/test_aoc_2015_01.py" line="22" time="0.001" /><testcase classname="events.advent_of_code.2015.01.python.test_aoc_2015_01" name="test_find_final_floor[(())-0]" file="events/advent_of_code/2015/01/python/test_aoc_2015_01.py" line="4" time="0.001" /><testcase classname="events.advent_of_code.2015.01.python.test_aoc_2015_01" name="test_find_final_floor[()()-0]" file="events/advent_of_code/2015/01/python/test_aoc_2015_01.py" line="4" time="0.001" /><testcase classname="events.advent_of_code.2015.01.python.test_aoc_2015_01" name="test_find_when_santa_enters_basement[)-1]" file="events/advent_of_code/2015/01/python/test_aoc_2015_01.py" line="22" time="0.001" /><testcase classname="scratch.projects.one_two_three.tests.test_game" name="test_it" file="scratch/projects/one_two_three/tests/test_game.py" line="9" time="0.001" /></testsuite></testsuites>